To honour the JVM settings for this build a single-use Daemon process will be forked. For more on this, please refer to https://docs.gradle.org/8.11.1/userguide/gradle_daemon.html#sec:disabling_the_daemon in the Gradle documentation.
Daemon will be stopped at the end of the build 

FAILURE: Build failed with an exception.

* Where:
Build file '/Users/speketi/Projects/Just-Share/build.gradle' line: 3

* What went wrong:
Plugin [id: 'com.android.application', version: '8.10.1', apply: false] was not found in any of the following sources:

- Gradle Core Plugins (plugin is not in 'org.gradle' namespace)
- Included Builds (No included builds contain this plugin)
- Plugin Repositories (could not resolve plugin artifact 'com.android.application:com.android.application.gradle.plugin:8.10.1')
  Searched in the following repositories:
    Gradle Central Plugin Repository
    Google
    MavenRepo

* Try:
> Run with --stacktrace option to get the stack trace.
> Run with --info or --debug option to get more log output.
> Run with --scan to get full insights.
> Get more help at https://help.gradle.org.

BUILD FAILED in 2s
