To honour the JVM settings for this build a single-use Daemon process will be forked. For more on this, please refer to https://docs.gradle.org/8.11.1/userguide/gradle_daemon.html#sec:disabling_the_daemon in the Gradle documentation.
Daemon will be stopped at the end of the build 
Warning: SDK processing. This version only understands SDK XML versions up to 3 but an SDK XML file of version 4 was encountered. This can happen if you use versions of Android Studio and the command-line tools that were released at different times.
> Task :app:preBuild UP-TO-DATE
> Task :app:preDebugBuild UP-TO-DATE
> Task :app:mergeDebugNativeDebugMetadata NO-SOURCE
> Task :app:checkKotlinGradlePluginConfigurationErrors SKIPPED
> Task :app:generateDebugBuildConfig UP-TO-DATE
> Task :app:checkDebugAarMetadata UP-TO-DATE
> Task :app:generateDebugResValues UP-TO-DATE
> Task :app:injectCrashlyticsMappingFileIdDebug UP-TO-DATE
> Task :app:injectCrashlyticsVersionControlInfoDebug UP-TO-DATE
> Task :app:processDebugGoogleServices UP-TO-DATE
> Task :app:mapDebugSourceSetPaths UP-TO-DATE
> Task :app:generateDebugResources UP-TO-DATE
> Task :app:mergeDebugResources UP-TO-DATE
> Task :app:packageDebugResources UP-TO-DATE
> Task :app:parseDebugLocalResources UP-TO-DATE
> Task :app:createDebugCompatibleScreenManifests UP-TO-DATE
> Task :app:extractDeepLinksDebug UP-TO-DATE
> Task :app:processDebugMainManifest UP-TO-DATE
> Task :app:processDebugManifest UP-TO-DATE
> Task :app:processDebugManifestForPackage UP-TO-DATE
> Task :app:processDebugResources UP-TO-DATE

> Task :app:kaptGenerateStubsDebugKotlin
w: Kapt currently doesn't support language version 2.0+. Falling back to 1.9.

> Task :app:kaptDebugKotlin UP-TO-DATE

> Task :app:compileDebugKotlin
w: file:///Users/speketi/Projects/Just-Share/app/src/main/java/com/blackandblue/justshare/CommunicationService.kt:505:27 'fun <T : Parcelable!> getParcelableArrayListExtra(p0: String!): ArrayList<T!>?' is deprecated. Deprecated in Java.
w: file:///Users/speketi/Projects/Just-Share/app/src/main/java/com/blackandblue/justshare/MainActivity.kt:31:34 'fun <T : Parcelable!> getParcelableArrayListExtra(p0: String!): ArrayList<T!>?' is deprecated. Deprecated in Java.
w: file:///Users/speketi/Projects/Just-Share/app/src/main/java/com/blackandblue/justshare/MainActivity.kt:49:38 'fun <T : Parcelable!> getParcelableExtra(p0: String!): T?' is deprecated. Deprecated in Java.
w: file:///Users/speketi/Projects/Just-Share/app/src/main/java/com/blackandblue/justshare/MainActivity.kt:53:28 'fun <T : Parcelable!> getParcelableArrayListExtra(p0: String!): ArrayList<T!>?' is deprecated. Deprecated in Java.
w: file:///Users/speketi/Projects/Just-Share/app/src/main/java/com/blackandblue/justshare/WiFiDirectBroadcastReceiver.kt:9:8 'class NetworkInfo : Any, Parcelable' is deprecated. Deprecated in Java.
w: file:///Users/speketi/Projects/Just-Share/app/src/main/java/com/blackandblue/justshare/data/chat/BluetoothStateReceiver.kt:25:21 'fun <T : Parcelable!> getParcelableExtra(p0: String!): T?' is deprecated. Deprecated in Java.
w: file:///Users/speketi/Projects/Just-Share/app/src/main/java/com/blackandblue/justshare/data/chat/FoundDeviceReceiver.kt:25:28 'fun <T : Parcelable!> getParcelableExtra(p0: String!): T?' is deprecated. Deprecated in Java.
w: file:///Users/speketi/Projects/Just-Share/app/src/main/java/com/blackandblue/justshare/presentation/TransferViewModel.kt:72:98 Unchecked cast of 'java.io.Serializable?' to 'java.util.ArrayList<com.blackandblue.justshare.domain.chat.FileInfo>'.
w: file:///Users/speketi/Projects/Just-Share/app/src/main/java/com/blackandblue/justshare/ui/components/BottomNavBar.kt:26:37 'val Icons.Outlined.Send: ImageVector' is deprecated. Use the AutoMirrored version at Icons.AutoMirrored.Outlined.Send.
w: file:///Users/speketi/Projects/Just-Share/app/src/main/java/com/blackandblue/justshare/ui/components/DesignSystem.kt:147:36 'val Icons.Filled.ArrowBack: ImageVector' is deprecated. Use the AutoMirrored version at Icons.AutoMirrored.Filled.ArrowBack.
w: file:///Users/speketi/Projects/Just-Share/app/src/main/java/com/blackandblue/justshare/ui/components/DesignSystem.kt:203:63 'val Icons.Filled.InsertDriveFile: ImageVector' is deprecated. Use the AutoMirrored version at Icons.AutoMirrored.Filled.InsertDriveFile.
w: file:///Users/speketi/Projects/Just-Share/app/src/main/java/com/blackandblue/justshare/ui/components/HardwareStateWrapper.kt:40:45 'static fun getDefaultAdapter(): BluetoothAdapter!' is deprecated. Deprecated in Java.
w: file:///Users/speketi/Projects/Just-Share/app/src/main/java/com/blackandblue/justshare/ui/screens/DiscoverDevicesScreen.kt:358:56 'val Icons.Filled.BluetoothSearching: ImageVector' is deprecated. Use the AutoMirrored version at Icons.AutoMirrored.Filled.BluetoothSearching.
w: file:///Users/speketi/Projects/Just-Share/app/src/main/java/com/blackandblue/justshare/ui/screens/SelectFilesScreen.kt:64:46 'val Icons.Filled.InsertDriveFile: ImageVector' is deprecated. Use the AutoMirrored version at Icons.AutoMirrored.Filled.InsertDriveFile.
w: file:///Users/speketi/Projects/Just-Share/app/src/main/java/com/blackandblue/justshare/ui/theme/Theme.kt:137:24 'var statusBarColor: Int' is deprecated. Deprecated in Java.
w: file:///Users/speketi/Projects/Just-Share/app/src/main/java/com/blackandblue/justshare/ui/theme/Theme.kt:138:24 'var navigationBarColor: Int' is deprecated. Deprecated in Java.

> Task :app:javaPreCompileDebug UP-TO-DATE
> Task :app:compileDebugJavaWithJavac UP-TO-DATE
> Task :app:mergeDebugShaders UP-TO-DATE
> Task :app:compileDebugShaders NO-SOURCE
> Task :app:generateDebugAssets UP-TO-DATE
> Task :app:mergeDebugAssets UP-TO-DATE
> Task :app:compressDebugAssets UP-TO-DATE
> Task :app:desugarDebugFileDependencies UP-TO-DATE
> Task :app:hiltAggregateDepsDebug UP-TO-DATE
> Task :app:hiltJavaCompileDebug UP-TO-DATE
> Task :app:transformDebugClassesWithAsm
> Task :app:dexBuilderDebug
> Task :app:mergeDebugGlobalSynthetics
> Task :app:mergeDebugGlobalSynthetics UP-TO-DATE
> Task :app:processDebugJavaRes UP-TO-DATE
> Task :app:mergeDebugJavaResource
> Task :app:checkDebugDuplicateClasses UP-TO-DATE
> Task :app:mergeExtDexDebug UP-TO-DATE
> Task :app:mergeLibDexDebug UP-TO-DATE
> Task :app:mergeProjectDexDebug
> Task :app:mergeDebugJniLibFolders UP-TO-DATE
> Task :app:mergeDebugNativeLibs UP-TO-DATE
> Task :app:stripDebugDebugSymbols UP-TO-DATE
> Task :app:validateSigningDebug UP-TO-DATE
> Task :app:writeDebugAppMetadata UP-TO-DATE
> Task :app:writeDebugSigningConfigVersions UP-TO-DATE
> Task :app:packageDebug
> Task :app:createDebugApkListingFileRedirect
> Task :app:assembleDebug
> Task :app:bundleDebugClassesToCompileJar
> Task :app:preDebugAndroidTestBuild SKIPPED
> Task :app:processDebugAndroidTestManifest UP-TO-DATE
> Task :app:generateDebugAndroidTestBuildConfig UP-TO-DATE
> Task :app:checkDebugAndroidTestAarMetadata UP-TO-DATE
> Task :app:generateDebugAndroidTestResValues UP-TO-DATE
> Task :app:mapDebugAndroidTestSourceSetPaths UP-TO-DATE
> Task :app:generateDebugAndroidTestResources UP-TO-DATE
> Task :app:mergeDebugAndroidTestResources UP-TO-DATE
> Task :app:processDebugAndroidTestResources UP-TO-DATE
> Task :app:kaptGenerateStubsDebugAndroidTestKotlin UP-TO-DATE
> Task :app:kaptDebugAndroidTestKotlin
> Task :app:compileDebugAndroidTestKotlin UP-TO-DATE
> Task :app:javaPreCompileDebugAndroidTest UP-TO-DATE
> Task :app:compileDebugAndroidTestJavaWithJavac UP-TO-DATE
> Task :app:mergeDebugAndroidTestShaders UP-TO-DATE
> Task :app:compileDebugAndroidTestShaders NO-SOURCE
> Task :app:generateDebugAndroidTestAssets UP-TO-DATE
> Task :app:mergeDebugAndroidTestAssets UP-TO-DATE
> Task :app:compressDebugAndroidTestAssets UP-TO-DATE
> Task :app:desugarDebugAndroidTestFileDependencies UP-TO-DATE
> Task :app:hiltAggregateDepsDebugAndroidTest UP-TO-DATE
> Task :app:hiltJavaCompileDebugAndroidTest NO-SOURCE
> Task :app:transformDebugAndroidTestClassesWithAsm
> Task :app:dexBuilderDebugAndroidTest
> Task :app:mergeDebugAndroidTestGlobalSynthetics UP-TO-DATE
> Task :app:processDebugAndroidTestJavaRes
> Task :app:mergeDebugAndroidTestJavaResource
> Task :app:checkDebugAndroidTestDuplicateClasses UP-TO-DATE
> Task :app:mergeExtDexDebugAndroidTest UP-TO-DATE
> Task :app:mergeLibDexDebugAndroidTest UP-TO-DATE
> Task :app:mergeProjectDexDebugAndroidTest
> Task :app:mergeDebugAndroidTestJniLibFolders UP-TO-DATE
> Task :app:mergeDebugAndroidTestNativeLibs NO-SOURCE
> Task :app:stripDebugAndroidTestDebugSymbols NO-SOURCE
> Task :app:validateSigningDebugAndroidTest UP-TO-DATE
> Task :app:writeDebugAndroidTestSigningConfigVersions UP-TO-DATE
> Task :app:packageDebugAndroidTest
> Task :app:createDebugAndroidTestApkListingFileRedirect UP-TO-DATE
> Task :app:assembleDebugAndroidTest

BUILD SUCCESSFUL in 1m 52s
78 actionable tasks: 16 executed, 62 up-to-date
