package: name='com.blackandblue.justshare' versionCode='9' versionName='1.0.5' platformBuildVersionName='16' platformBuildVersionCode='36' compileSdkVersion='36' compileSdkVersionCodename='16'
sdkVersion:'24'
targetSdkVersion:'36'
uses-permission: name='android.permission.WRITE_EXTERNAL_STORAGE' maxSdkVersion='28'
uses-permission: name='android.permission.POST_NOTIFICATIONS'
uses-permission: name='android.permission.CAMERA'
uses-permission: name='android.permission.BLUETOOTH' maxSdkVersion='30'
uses-permission: name='android.permission.BLUETOOTH_ADMIN' maxSdkVersion='30'
uses-permission: name='android.permission.BLUETOOTH_CONNECT'
uses-permission: name='android.permission.BLUETOOTH_ADVERTISE'
uses-permission: name='android.permission.BLUETOOTH_SCAN'
uses-permission: name='android.permission.ACCESS_WIFI_STATE'
uses-permission: name='android.permission.CHANGE_WIFI_STATE'
uses-permission: name='android.permission.CHANGE_NETWORK_STATE'
uses-permission: name='android.permission.INTERNET'
uses-permission: name='android.permission.ACCESS_NETWORK_STATE'
uses-permission: name='android.permission.ACCESS_FINE_LOCATION' maxSdkVersion='32'
uses-permission: name='android.permission.ACCESS_COARSE_LOCATION' maxSdkVersion='32'
uses-permission: name='android.permission.NEARBY_WIFI_DEVICES'
uses-permission: name='android.permission.FOREGROUND_SERVICE'
uses-permission: name='android.permission.FOREGROUND_SERVICE_DATA_SYNC'
uses-permission: name='com.android.vending.BILLING'
uses-permission: name='android.permission.WAKE_LOCK'
uses-permission: name='com.google.android.finsky.permission.BIND_GET_INSTALL_REFERRER_SERVICE'
uses-permission: name='com.blackandblue.justshare.DYNAMIC_RECEIVER_NOT_EXPORTED_PERMISSION'
application-label:'Just Share'
application-label-af:'Just Share'
application-label-am:'Just Share'
application-label-ar:'Just Share'
application-label-as:'Just Share'
application-label-az:'Just Share'
application-label-be:'Just Share'
application-label-bg:'Just Share'
application-label-bn:'Just Share'
application-label-bs:'Just Share'
application-label-ca:'Just Share'
application-label-cs:'Just Share'
application-label-da:'Just Share'
application-label-de:'Just Share'
application-label-el:'Just Share'
application-label-en-AU:'Just Share'
application-label-en-CA:'Just Share'
application-label-en-GB:'Just Share'
application-label-en-IN:'Just Share'
application-label-en-XC:'Just Share'
application-label-es:'Just Share'
application-label-es-US:'Just Share'
application-label-et:'Just Share'
application-label-eu:'Just Share'
application-label-fa:'Just Share'
application-label-fi:'Just Share'
application-label-fr:'Just Share'
application-label-fr-CA:'Just Share'
application-label-gl:'Just Share'
application-label-gu:'Just Share'
application-label-hi:'Just Share'
application-label-hr:'Just Share'
application-label-hu:'Just Share'
application-label-hy:'Just Share'
application-label-in:'Just Share'
application-label-is:'Just Share'
application-label-it:'Just Share'
application-label-iw:'Just Share'
application-label-ja:'Just Share'
application-label-ka:'Just Share'
application-label-kk:'Just Share'
application-label-km:'Just Share'
application-label-kn:'Just Share'
application-label-ko:'Just Share'
application-label-ky:'Just Share'
application-label-lo:'Just Share'
application-label-lt:'Just Share'
application-label-lv:'Just Share'
application-label-mk:'Just Share'
application-label-ml:'Just Share'
application-label-mn:'Just Share'
application-label-mr:'Just Share'
application-label-ms:'Just Share'
application-label-my:'Just Share'
application-label-nb:'Just Share'
application-label-ne:'Just Share'
application-label-nl:'Just Share'
application-label-or:'Just Share'
application-label-pa:'Just Share'
application-label-pl:'Just Share'
application-label-pt:'Just Share'
application-label-pt-BR:'Just Share'
application-label-pt-PT:'Just Share'
application-label-ro:'Just Share'
application-label-ru:'Just Share'
application-label-si:'Just Share'
application-label-sk:'Just Share'
application-label-sl:'Just Share'
application-label-sq:'Just Share'
application-label-sr:'Just Share'
application-label-sr-Latn:'Just Share'
application-label-sv:'Just Share'
application-label-sw:'Just Share'
application-label-ta:'Just Share'
application-label-te:'Just Share'
application-label-th:'Just Share'
application-label-tl:'Just Share'
application-label-tr:'Just Share'
application-label-uk:'Just Share'
application-label-ur:'Just Share'
application-label-uz:'Just Share'
application-label-vi:'Just Share'
application-label-zh-CN:'Just Share'
application-label-zh-HK:'Just Share'
application-label-zh-TW:'Just Share'
application-label-zu:'Just Share'
application-icon-120:'res/mipmap-anydpi-v26/ic_launcher.xml'
application-icon-160:'res/mipmap-anydpi-v26/ic_launcher.xml'
application-icon-240:'res/mipmap-anydpi-v26/ic_launcher.xml'
application-icon-320:'res/mipmap-anydpi-v26/ic_launcher.xml'
application-icon-480:'res/mipmap-anydpi-v26/ic_launcher.xml'
application-icon-640:'res/mipmap-anydpi-v26/ic_launcher.xml'
application-icon-65534:'res/mipmap-anydpi-v26/ic_launcher.xml'
application: label='Just Share' icon='res/mipmap-anydpi-v26/ic_launcher.xml'
application-debuggable
launchable-activity: name='com.blackandblue.justshare.MainActivity'  label='Just Share' icon=''
uses-library-not-required:'android.ext.adservices'
uses-permission: name='android.permission.READ_EXTERNAL_STORAGE' maxSdkVersion='28'
uses-implied-permission: name='android.permission.READ_EXTERNAL_STORAGE' maxSdkVersion='28' reason='requested WRITE_EXTERNAL_STORAGE'
feature-group: label=''
  uses-feature-not-required: name='android.hardware.bluetooth'
  uses-feature-not-required: name='android.hardware.camera'
  uses-feature-not-required: name='android.hardware.wifi.direct'
  uses-feature: name='android.hardware.faketouch'
  uses-implied-feature: name='android.hardware.faketouch' reason='default feature for all apps'
  uses-feature: name='android.hardware.location'
  uses-implied-feature: name='android.hardware.location' reason='requested android.permission.ACCESS_COARSE_LOCATION permission, and requested android.permission.ACCESS_FINE_LOCATION permission'
  uses-feature: name='android.hardware.screen.portrait'
  uses-implied-feature: name='android.hardware.screen.portrait' reason='one or more activities have specified a portrait orientation'
  uses-feature: name='android.hardware.wifi'
  uses-implied-feature: name='android.hardware.wifi' reason='requested android.permission.ACCESS_WIFI_STATE permission, and requested android.permission.CHANGE_WIFI_STATE permission'
main
other-activities
other-receivers
other-services
supports-screens: 'small' 'normal' 'large' 'xlarge'
supports-any-density: 'true'
locales: '--_--' 'af' 'am' 'ar' 'as' 'az' 'be' 'bg' 'bn' 'bs' 'ca' 'cs' 'da' 'de' 'el' 'en-AU' 'en-CA' 'en-GB' 'en-IN' 'en-XC' 'es' 'es-US' 'et' 'eu' 'fa' 'fi' 'fr' 'fr-CA' 'gl' 'gu' 'hi' 'hr' 'hu' 'hy' 'in' 'is' 'it' 'iw' 'ja' 'ka' 'kk' 'km' 'kn' 'ko' 'ky' 'lo' 'lt' 'lv' 'mk' 'ml' 'mn' 'mr' 'ms' 'my' 'nb' 'ne' 'nl' 'or' 'pa' 'pl' 'pt' 'pt-BR' 'pt-PT' 'ro' 'ru' 'si' 'sk' 'sl' 'sq' 'sr' 'sr-Latn' 'sv' 'sw' 'ta' 'te' 'th' 'tl' 'tr' 'uk' 'ur' 'uz' 'vi' 'zh-CN' 'zh-HK' 'zh-TW' 'zu'
densities: '120' '160' '240' '320' '480' '640' '65534'
native-code: 'arm64-v8a' 'armeabi-v7a' 'x86' 'x86_64'
