N: android=http://schemas.android.com/apk/res/android
  E: manifest (line=2)
    A: android:versionCode(0x0101021b)=(type 0x10)0x9
    A: android:versionName(0x0101021c)="1.0.5" (Raw: "1.0.5")
    A: android:compileSdkVersion(0x01010572)=(type 0x10)0x24
    A: android:compileSdkVersionCodename(0x01010573)="16" (Raw: "16")
    A: package="com.blackandblue.justshare" (Raw: "com.blackandblue.justshare")
    A: platformBuildVersionCode=(type 0x10)0x24
    A: platformBuildVersionName=(type 0x10)0x10
    E: uses-sdk (line=7)
      A: android:minSdkVersion(0x0101020c)=(type 0x10)0x18
      A: android:targetSdkVersion(0x01010270)=(type 0x10)0x24
    E: uses-permission (line=15)
      A: android:name(0x01010003)="android.permission.WRITE_EXTERNAL_STORAGE" (Raw: "android.permission.WRITE_EXTERNAL_STORAGE")
      A: android:maxSdkVersion(0x01010271)=(type 0x10)0x1c
    E: uses-permission (line=18)
      A: android:name(0x01010003)="android.permission.POST_NOTIFICATIONS" (Raw: "android.permission.POST_NOTIFICATIONS")
    E: uses-permission (line=19)
      A: android:name(0x01010003)="android.permission.CAMERA" (Raw: "android.permission.CAMERA")
    E: uses-feature (line=21)
      A: android:name(0x01010003)="android.hardware.camera" (Raw: "android.hardware.camera")
      A: android:required(0x0101028e)=(type 0x12)0x0
    E: uses-permission (line=31)
      A: android:name(0x01010003)="android.permission.BLUETOOTH" (Raw: "android.permission.BLUETOOTH")
      A: android:maxSdkVersion(0x01010271)=(type 0x10)0x1e
    E: uses-permission (line=34)
      A: android:name(0x01010003)="android.permission.BLUETOOTH_ADMIN" (Raw: "android.permission.BLUETOOTH_ADMIN")
      A: android:maxSdkVersion(0x01010271)=(type 0x10)0x1e
    E: uses-permission (line=38)
      A: android:name(0x01010003)="android.permission.BLUETOOTH_CONNECT" (Raw: "android.permission.BLUETOOTH_CONNECT")
    E: uses-permission (line=39)
      A: android:name(0x01010003)="android.permission.BLUETOOTH_ADVERTISE" (Raw: "android.permission.BLUETOOTH_ADVERTISE")
    E: uses-permission (line=40)
      A: android:name(0x01010003)="android.permission.BLUETOOTH_SCAN" (Raw: "android.permission.BLUETOOTH_SCAN")
      A: android:usesPermissionFlags(0x01010644)=(type 0x11)0x10000
    E: uses-feature (line=44)
      A: android:name(0x01010003)="android.hardware.bluetooth" (Raw: "android.hardware.bluetooth")
      A: android:required(0x0101028e)=(type 0x12)0x0
    E: uses-permission (line=53)
      A: android:name(0x01010003)="android.permission.ACCESS_WIFI_STATE" (Raw: "android.permission.ACCESS_WIFI_STATE")
    E: uses-permission (line=54)
      A: android:name(0x01010003)="android.permission.CHANGE_WIFI_STATE" (Raw: "android.permission.CHANGE_WIFI_STATE")
    E: uses-permission (line=55)
      A: android:name(0x01010003)="android.permission.CHANGE_NETWORK_STATE" (Raw: "android.permission.CHANGE_NETWORK_STATE")
    E: uses-permission (line=56)
      A: android:name(0x01010003)="android.permission.INTERNET" (Raw: "android.permission.INTERNET")
    E: uses-permission (line=57)
      A: android:name(0x01010003)="android.permission.ACCESS_NETWORK_STATE" (Raw: "android.permission.ACCESS_NETWORK_STATE")
    E: uses-permission (line=59)
      A: android:name(0x01010003)="android.permission.ACCESS_FINE_LOCATION" (Raw: "android.permission.ACCESS_FINE_LOCATION")
      A: android:maxSdkVersion(0x01010271)=(type 0x10)0x20
    E: uses-permission (line=62)
      A: android:name(0x01010003)="android.permission.ACCESS_COARSE_LOCATION" (Raw: "android.permission.ACCESS_COARSE_LOCATION")
      A: android:maxSdkVersion(0x01010271)=(type 0x10)0x20
    E: uses-permission (line=66)
      A: android:name(0x01010003)="android.permission.NEARBY_WIFI_DEVICES" (Raw: "android.permission.NEARBY_WIFI_DEVICES")
      A: android:usesPermissionFlags(0x01010644)=(type 0x11)0x10000
    E: uses-feature (line=70)
      A: android:name(0x01010003)="android.hardware.wifi.direct" (Raw: "android.hardware.wifi.direct")
      A: android:required(0x0101028e)=(type 0x12)0x0
    E: uses-permission (line=80)
      A: android:name(0x01010003)="android.permission.FOREGROUND_SERVICE" (Raw: "android.permission.FOREGROUND_SERVICE")
    E: uses-permission (line=81)
      A: android:name(0x01010003)="android.permission.FOREGROUND_SERVICE_DATA_SYNC" (Raw: "android.permission.FOREGROUND_SERVICE_DATA_SYNC")
    E: uses-permission (line=82)
      A: android:name(0x01010003)="com.android.vending.BILLING" (Raw: "com.android.vending.BILLING")
    E: queries (line=84)
      E: intent (line=85)
        E: action (line=86)
          A: android:name(0x01010003)="com.android.vending.billing.InAppBillingService.BIND" (Raw: "com.android.vending.billing.InAppBillingService.BIND")
      E: intent (line=88)
        E: action (line=89)
          A: android:name(0x01010003)="com.google.android.apps.play.billingtestcompanion.BillingOverrideService.BIND" (Raw: "com.google.android.apps.play.billingtestcompanion.BillingOverrideService.BIND")
    E: uses-permission (line=93)
      A: android:name(0x01010003)="android.permission.WAKE_LOCK" (Raw: "android.permission.WAKE_LOCK")
    E: uses-permission (line=94)
      A: android:name(0x01010003)="com.google.android.finsky.permission.BIND_GET_INSTALL_REFERRER_SERVICE" (Raw: "com.google.android.finsky.permission.BIND_GET_INSTALL_REFERRER_SERVICE")
    E: permission (line=96)
      A: android:name(0x01010003)="com.blackandblue.justshare.DYNAMIC_RECEIVER_NOT_EXPORTED_PERMISSION" (Raw: "com.blackandblue.justshare.DYNAMIC_RECEIVER_NOT_EXPORTED_PERMISSION")
      A: android:protectionLevel(0x01010009)=(type 0x11)0x2
    E: uses-permission (line=100)
      A: android:name(0x01010003)="com.blackandblue.justshare.DYNAMIC_RECEIVER_NOT_EXPORTED_PERMISSION" (Raw: "com.blackandblue.justshare.DYNAMIC_RECEIVER_NOT_EXPORTED_PERMISSION")
    E: application (line=102)
      A: android:theme(0x01010000)=@0x7f10010e
      A: android:label(0x01010001)=@0x7f0f001c
      A: android:icon(0x01010002)=@0x7f0d0000
      A: android:name(0x01010003)="com.blackandblue.justshare.SharingApp" (Raw: "com.blackandblue.justshare.SharingApp")
      A: android:debuggable(0x0101000f)=(type 0x12)0xffffffff
      A: android:allowBackup(0x01010280)=(type 0x12)0x0
      A: android:supportsRtl(0x010103af)=(type 0x12)0xffffffff
      A: android:extractNativeLibs(0x010104ea)=(type 0x12)0x0
      A: android:fullBackupContent(0x010104eb)=@0x7f120000
      A: android:roundIcon(0x0101052c)=@0x7f0d0000
      A: android:appComponentFactory(0x0101057a)="androidx.core.app.CoreComponentFactory" (Raw: "androidx.core.app.CoreComponentFactory")
      A: android:dataExtractionRules(0x0101063e)=@0x7f120002
      A: android:enableOnBackInvokedCallback(0x0101066c)=(type 0x12)0xffffffff
      E: meta-data (line=116)
        A: android:name(0x01010003)="google_analytics_adid_collection_enabled" (Raw: "google_analytics_adid_collection_enabled")
        A: android:value(0x01010024)=(type 0x12)0x0
      E: meta-data (line=119)
        A: android:name(0x01010003)="google_analytics_default_allow_ad_personalization_signals" (Raw: "google_analytics_default_allow_ad_personalization_signals")
        A: android:value(0x01010024)=(type 0x12)0x0
      E: activity (line=124)
        A: android:theme(0x01010000)=@0x7f10010e
        A: android:label(0x01010001)=@0x7f0f001c
        A: android:name(0x01010003)="com.blackandblue.justshare.MainActivity" (Raw: "com.blackandblue.justshare.MainActivity")
        A: android:exported(0x01010010)=(type 0x12)0xffffffff
        E: intent-filter (line=129)
          E: action (line=130)
            A: android:name(0x01010003)="android.intent.action.MAIN" (Raw: "android.intent.action.MAIN")
          E: category (line=132)
            A: android:name(0x01010003)="android.intent.category.LAUNCHER" (Raw: "android.intent.category.LAUNCHER")
        E: intent-filter (line=135)
          E: action (line=136)
            A: android:name(0x01010003)="android.intent.action.SEND" (Raw: "android.intent.action.SEND")
          E: action (line=137)
            A: android:name(0x01010003)="android.intent.action.SEND_MULTIPLE" (Raw: "android.intent.action.SEND_MULTIPLE")
          E: category (line=139)
            A: android:name(0x01010003)="android.intent.category.DEFAULT" (Raw: "android.intent.category.DEFAULT")
          E: data (line=141)
            A: android:mimeType(0x01010026)="*/*" (Raw: "*/*")
      E: service (line=150)
        A: android:name(0x01010003)="com.blackandblue.justshare.CommunicationService" (Raw: "com.blackandblue.justshare.CommunicationService")
        A: android:enabled(0x0101000e)=(type 0x12)0xffffffff
        A: android:exported(0x01010010)=(type 0x12)0x0
        A: android:foregroundServiceType(0x01010599)=(type 0x11)0x1
      E: service (line=155)
        A: android:name(0x01010003)="com.blackandblue.justshare.AlterSendForegroundService" (Raw: "com.blackandblue.justshare.AlterSendForegroundService")
        A: android:enabled(0x0101000e)=(type 0x12)0xffffffff
        A: android:exported(0x01010010)=(type 0x12)0x0
        A: android:foregroundServiceType(0x01010599)=(type 0x11)0x1
      E: activity (line=161)
        A: android:theme(0x01010000)=@0x01030010
        A: android:name(0x01010003)="com.revenuecat.purchases.amazon.purchasing.ProxyAmazonBillingActivity" (Raw: "com.revenuecat.purchases.amazon.purchasing.ProxyAmazonBillingActivity")
        A: android:configChanges(0x0101001f)=(type 0x11)0x5b0
      E: activity (line=165)
        A: android:theme(0x01010000)=@0x01030226
        A: android:name(0x01010003)="com.revenuecat.purchases.SimulatedStoreErrorDialogActivity" (Raw: "com.revenuecat.purchases.SimulatedStoreErrorDialogActivity")
        A: android:excludeFromRecents(0x01010017)=(type 0x12)0xffffffff
        A: android:configChanges(0x0101001f)=(type 0x11)0x480
      E: service (line=171)
        A: android:name(0x01010003)="com.google.firebase.components.ComponentDiscoveryService" (Raw: "com.google.firebase.components.ComponentDiscoveryService")
        A: android:exported(0x01010010)=(type 0x12)0x0
        A: android:directBootAware(0x01010505)=(type 0x12)0xffffffff
        E: meta-data (line=175)
          A: android:name(0x01010003)="com.google.firebase.components:com.google.firebase.crashlytics.FirebaseCrashlyticsKtxRegistrar" (Raw: "com.google.firebase.components:com.google.firebase.crashlytics.FirebaseCrashlyticsKtxRegistrar")
          A: android:value(0x01010024)="com.google.firebase.components.ComponentRegistrar" (Raw: "com.google.firebase.components.ComponentRegistrar")
        E: meta-data (line=178)
          A: android:name(0x01010003)="com.google.firebase.components:com.google.firebase.crashlytics.CrashlyticsRegistrar" (Raw: "com.google.firebase.components:com.google.firebase.crashlytics.CrashlyticsRegistrar")
          A: android:value(0x01010024)="com.google.firebase.components.ComponentRegistrar" (Raw: "com.google.firebase.components.ComponentRegistrar")
        E: meta-data (line=181)
          A: android:name(0x01010003)="com.google.firebase.components:com.google.firebase.sessions.FirebaseSessionsRegistrar" (Raw: "com.google.firebase.components:com.google.firebase.sessions.FirebaseSessionsRegistrar")
          A: android:value(0x01010024)="com.google.firebase.components.ComponentRegistrar" (Raw: "com.google.firebase.components.ComponentRegistrar")
        E: meta-data (line=184)
          A: android:name(0x01010003)="com.google.firebase.components:com.google.firebase.appcheck.debug.FirebaseAppCheckDebugRegistrar" (Raw: "com.google.firebase.components:com.google.firebase.appcheck.debug.FirebaseAppCheckDebugRegistrar")
          A: android:value(0x01010024)="com.google.firebase.components.ComponentRegistrar" (Raw: "com.google.firebase.components.ComponentRegistrar")
        E: meta-data (line=187)
          A: android:name(0x01010003)="com.google.firebase.components:com.google.firebase.appcheck.playintegrity.FirebaseAppCheckPlayIntegrityRegistrar" (Raw: "com.google.firebase.components:com.google.firebase.appcheck.playintegrity.FirebaseAppCheckPlayIntegrityRegistrar")
          A: android:value(0x01010024)="com.google.firebase.components.ComponentRegistrar" (Raw: "com.google.firebase.components.ComponentRegistrar")
        E: meta-data (line=190)
          A: android:name(0x01010003)="com.google.firebase.components:com.google.firebase.appcheck.FirebaseAppCheckKtxRegistrar" (Raw: "com.google.firebase.components:com.google.firebase.appcheck.FirebaseAppCheckKtxRegistrar")
          A: android:value(0x01010024)="com.google.firebase.components.ComponentRegistrar" (Raw: "com.google.firebase.components.ComponentRegistrar")
        E: meta-data (line=193)
          A: android:name(0x01010003)="com.google.firebase.components:com.google.firebase.appcheck.FirebaseAppCheckRegistrar" (Raw: "com.google.firebase.components:com.google.firebase.appcheck.FirebaseAppCheckRegistrar")
          A: android:value(0x01010024)="com.google.firebase.components.ComponentRegistrar" (Raw: "com.google.firebase.components.ComponentRegistrar")
        E: meta-data (line=196)
          A: android:name(0x01010003)="com.google.firebase.components:com.google.firebase.analytics.connector.internal.AnalyticsConnectorRegistrar" (Raw: "com.google.firebase.components:com.google.firebase.analytics.connector.internal.AnalyticsConnectorRegistrar")
          A: android:value(0x01010024)="com.google.firebase.components.ComponentRegistrar" (Raw: "com.google.firebase.components.ComponentRegistrar")
        E: meta-data (line=199)
          A: android:name(0x01010003)="com.google.firebase.components:com.google.firebase.installations.FirebaseInstallationsKtxRegistrar" (Raw: "com.google.firebase.components:com.google.firebase.installations.FirebaseInstallationsKtxRegistrar")
          A: android:value(0x01010024)="com.google.firebase.components.ComponentRegistrar" (Raw: "com.google.firebase.components.ComponentRegistrar")
        E: meta-data (line=202)
          A: android:name(0x01010003)="com.google.firebase.components:com.google.firebase.installations.FirebaseInstallationsRegistrar" (Raw: "com.google.firebase.components:com.google.firebase.installations.FirebaseInstallationsRegistrar")
          A: android:value(0x01010024)="com.google.firebase.components.ComponentRegistrar" (Raw: "com.google.firebase.components.ComponentRegistrar")
        E: meta-data (line=205)
          A: android:name(0x01010003)="com.google.firebase.components:com.google.firebase.ktx.FirebaseCommonLegacyRegistrar" (Raw: "com.google.firebase.components:com.google.firebase.ktx.FirebaseCommonLegacyRegistrar")
          A: android:value(0x01010024)="com.google.firebase.components.ComponentRegistrar" (Raw: "com.google.firebase.components.ComponentRegistrar")
        E: meta-data (line=208)
          A: android:name(0x01010003)="com.google.firebase.components:com.google.firebase.FirebaseCommonKtxRegistrar" (Raw: "com.google.firebase.components:com.google.firebase.FirebaseCommonKtxRegistrar")
          A: android:value(0x01010024)="com.google.firebase.components.ComponentRegistrar" (Raw: "com.google.firebase.components.ComponentRegistrar")
        E: meta-data (line=211)
          A: android:name(0x01010003)="com.google.firebase.components:com.google.firebase.datatransport.TransportRegistrar" (Raw: "com.google.firebase.components:com.google.firebase.datatransport.TransportRegistrar")
          A: android:value(0x01010024)="com.google.firebase.components.ComponentRegistrar" (Raw: "com.google.firebase.components.ComponentRegistrar")
      E: service (line=215)
        A: android:name(0x01010003)="com.google.firebase.sessions.SessionLifecycleService" (Raw: "com.google.firebase.sessions.SessionLifecycleService")
        A: android:enabled(0x0101000e)=(type 0x12)0xffffffff
        A: android:exported(0x01010010)=(type 0x12)0x0
      E: activity (line=224)
        A: android:name(0x01010003)="com.google.mlkit.vision.codescanner.internal.GmsBarcodeScanningDelegateActivity" (Raw: "com.google.mlkit.vision.codescanner.internal.GmsBarcodeScanningDelegateActivity")
        A: android:exported(0x01010010)=(type 0x12)0x0
        A: android:screenOrientation(0x0101001e)=(type 0x10)0x1
      E: service (line=230)
        A: android:name(0x01010003)="com.google.mlkit.common.internal.MlKitComponentDiscoveryService" (Raw: "com.google.mlkit.common.internal.MlKitComponentDiscoveryService")
        A: android:exported(0x01010010)=(type 0x12)0x0
        A: android:directBootAware(0x01010505)=(type 0x12)0xffffffff
        E: meta-data (line=234)
          A: android:name(0x01010003)="com.google.firebase.components:com.google.mlkit.vision.common.internal.VisionCommonRegistrar" (Raw: "com.google.firebase.components:com.google.mlkit.vision.common.internal.VisionCommonRegistrar")
          A: android:value(0x01010024)="com.google.firebase.components.ComponentRegistrar" (Raw: "com.google.firebase.components.ComponentRegistrar")
        E: meta-data (line=237)
          A: android:name(0x01010003)="com.google.firebase.components:com.google.mlkit.common.internal.CommonComponentRegistrar" (Raw: "com.google.firebase.components:com.google.mlkit.common.internal.CommonComponentRegistrar")
          A: android:value(0x01010024)="com.google.firebase.components.ComponentRegistrar" (Raw: "com.google.firebase.components.ComponentRegistrar")
      E: provider (line=242)
        A: android:name(0x01010003)="com.google.mlkit.common.internal.MlKitInitProvider" (Raw: "com.google.mlkit.common.internal.MlKitInitProvider")
        A: android:exported(0x01010010)=(type 0x12)0x0
        A: android:authorities(0x01010018)="com.blackandblue.justshare.mlkitinitprovider" (Raw: "com.blackandblue.justshare.mlkitinitprovider")
        A: android:initOrder(0x0101001a)=(type 0x10)0x63
      E: meta-data (line=248)
        A: android:name(0x01010003)="com.google.android.play.billingclient.version" (Raw: "com.google.android.play.billingclient.version")
        A: android:value(0x01010024)="8.3.0" (Raw: "8.3.0")
      E: activity (line=252)
        A: android:theme(0x01010000)=@0x01030010
        A: android:name(0x01010003)="com.android.billingclient.api.ProxyBillingActivity" (Raw: "com.android.billingclient.api.ProxyBillingActivity")
        A: android:exported(0x01010010)=(type 0x12)0x0
        A: android:configChanges(0x0101001f)=(type 0x11)0x5b0
      E: activity (line=257)
        A: android:theme(0x01010000)=@0x01030010
        A: android:name(0x01010003)="com.android.billingclient.api.ProxyBillingActivityV2" (Raw: "com.android.billingclient.api.ProxyBillingActivityV2")
        A: android:exported(0x01010010)=(type 0x12)0x0
        A: android:configChanges(0x0101001f)=(type 0x11)0x5b0
      E: receiver (line=263)
        A: android:name(0x01010003)="com.google.android.gms.measurement.AppMeasurementReceiver" (Raw: "com.google.android.gms.measurement.AppMeasurementReceiver")
        A: android:enabled(0x0101000e)=(type 0x12)0xffffffff
        A: android:exported(0x01010010)=(type 0x12)0x0
      E: service (line=269)
        A: android:name(0x01010003)="com.google.android.gms.measurement.AppMeasurementService" (Raw: "com.google.android.gms.measurement.AppMeasurementService")
        A: android:enabled(0x0101000e)=(type 0x12)0xffffffff
        A: android:exported(0x01010010)=(type 0x12)0x0
      E: service (line=273)
        A: android:name(0x01010003)="com.google.android.gms.measurement.AppMeasurementJobService" (Raw: "com.google.android.gms.measurement.AppMeasurementJobService")
        A: android:permission(0x01010006)="android.permission.BIND_JOB_SERVICE" (Raw: "android.permission.BIND_JOB_SERVICE")
        A: android:enabled(0x0101000e)=(type 0x12)0xffffffff
        A: android:exported(0x01010010)=(type 0x12)0x0
      E: activity (line=279)
        A: android:theme(0x01010000)=@0x01030010
        A: android:name(0x01010003)="com.google.android.gms.common.api.GoogleApiActivity" (Raw: "com.google.android.gms.common.api.GoogleApiActivity")
        A: android:exported(0x01010010)=(type 0x12)0x0
      E: property (line=284)
        A: android:name(0x01010003)="android.adservices.AD_SERVICES_CONFIG" (Raw: "android.adservices.AD_SERVICES_CONFIG")
        A: android:resource(0x01010025)=@0x7f120003
      E: provider (line=288)
        A: android:name(0x01010003)="com.google.firebase.provider.FirebaseInitProvider" (Raw: "com.google.firebase.provider.FirebaseInitProvider")
        A: android:exported(0x01010010)=(type 0x12)0x0
        A: android:authorities(0x01010018)="com.blackandblue.justshare.firebaseinitprovider" (Raw: "com.blackandblue.justshare.firebaseinitprovider")
        A: android:initOrder(0x0101001a)=(type 0x10)0x64
        A: android:directBootAware(0x01010505)=(type 0x12)0xffffffff
      E: service (line=295)
        A: android:name(0x01010003)="androidx.room.MultiInstanceInvalidationService" (Raw: "androidx.room.MultiInstanceInvalidationService")
        A: android:exported(0x01010010)=(type 0x12)0x0
        A: android:directBootAware(0x01010505)=(type 0x12)0xffffffff
      E: activity (line=300)
        A: android:name(0x01010003)="androidx.activity.ComponentActivity" (Raw: "androidx.activity.ComponentActivity")
        A: android:exported(0x01010010)=(type 0x12)0xffffffff
      E: activity (line=303)
        A: android:name(0x01010003)="androidx.compose.ui.tooling.PreviewActivity" (Raw: "androidx.compose.ui.tooling.PreviewActivity")
        A: android:exported(0x01010010)=(type 0x12)0xffffffff
      E: provider (line=307)
        A: android:name(0x01010003)="androidx.startup.InitializationProvider" (Raw: "androidx.startup.InitializationProvider")
        A: android:exported(0x01010010)=(type 0x12)0x0
        A: android:authorities(0x01010018)="com.blackandblue.justshare.androidx-startup" (Raw: "com.blackandblue.justshare.androidx-startup")
        E: meta-data (line=311)
          A: android:name(0x01010003)="androidx.emoji2.text.EmojiCompatInitializer" (Raw: "androidx.emoji2.text.EmojiCompatInitializer")
          A: android:value(0x01010024)="androidx.startup" (Raw: "androidx.startup")
        E: meta-data (line=314)
          A: android:name(0x01010003)="androidx.lifecycle.ProcessLifecycleInitializer" (Raw: "androidx.lifecycle.ProcessLifecycleInitializer")
          A: android:value(0x01010024)="androidx.startup" (Raw: "androidx.startup")
        E: meta-data (line=317)
          A: android:name(0x01010003)="androidx.profileinstaller.ProfileInstallerInitializer" (Raw: "androidx.profileinstaller.ProfileInstallerInitializer")
          A: android:value(0x01010024)="androidx.startup" (Raw: "androidx.startup")
      E: uses-library (line=322)
        A: android:name(0x01010003)="android.ext.adservices" (Raw: "android.ext.adservices")
        A: android:required(0x0101028e)=(type 0x12)0x0
      E: meta-data (line=326)
        A: android:name(0x01010003)="com.google.android.gms.version" (Raw: "com.google.android.gms.version")
        A: android:value(0x01010024)=@0x7f0a0004
      E: service (line=330)
        A: android:name(0x01010003)="com.google.android.datatransport.runtime.backends.TransportBackendDiscovery" (Raw: "com.google.android.datatransport.runtime.backends.TransportBackendDiscovery")
        A: android:exported(0x01010010)=(type 0x12)0x0
        E: meta-data (line=333)
          A: android:name(0x01010003)="backend:com.google.android.datatransport.cct.CctBackendFactory" (Raw: "backend:com.google.android.datatransport.cct.CctBackendFactory")
          A: android:value(0x01010024)="cct" (Raw: "cct")
      E: service (line=337)
        A: android:name(0x01010003)="com.google.android.datatransport.runtime.scheduling.jobscheduling.JobInfoSchedulerService" (Raw: "com.google.android.datatransport.runtime.scheduling.jobscheduling.JobInfoSchedulerService")
        A: android:permission(0x01010006)="android.permission.BIND_JOB_SERVICE" (Raw: "android.permission.BIND_JOB_SERVICE")
        A: android:exported(0x01010010)=(type 0x12)0x0
      E: receiver (line=343)
        A: android:name(0x01010003)="com.google.android.datatransport.runtime.scheduling.jobscheduling.AlarmManagerSchedulerBroadcastReceiver" (Raw: "com.google.android.datatransport.runtime.scheduling.jobscheduling.AlarmManagerSchedulerBroadcastReceiver")
        A: android:exported(0x01010010)=(type 0x12)0x0
      E: receiver (line=346)
        A: android:name(0x01010003)="androidx.profileinstaller.ProfileInstallReceiver" (Raw: "androidx.profileinstaller.ProfileInstallReceiver")
        A: android:permission(0x01010006)="android.permission.DUMP" (Raw: "android.permission.DUMP")
        A: android:enabled(0x0101000e)=(type 0x12)0xffffffff
        A: android:exported(0x01010010)=(type 0x12)0xffffffff
        A: android:directBootAware(0x01010505)=(type 0x12)0x0
        E: intent-filter (line=352)
          E: action (line=353)
            A: android:name(0x01010003)="androidx.profileinstaller.action.INSTALL_PROFILE" (Raw: "androidx.profileinstaller.action.INSTALL_PROFILE")
        E: intent-filter (line=355)
          E: action (line=356)
            A: android:name(0x01010003)="androidx.profileinstaller.action.SKIP_FILE" (Raw: "androidx.profileinstaller.action.SKIP_FILE")
        E: intent-filter (line=358)
          E: action (line=359)
            A: android:name(0x01010003)="androidx.profileinstaller.action.SAVE_PROFILE" (Raw: "androidx.profileinstaller.action.SAVE_PROFILE")
        E: intent-filter (line=361)
          E: action (line=362)
            A: android:name(0x01010003)="androidx.profileinstaller.action.BENCHMARK_OPERATION" (Raw: "androidx.profileinstaller.action.BENCHMARK_OPERATION")
